// Jest Snapshot v1, https://goo.gl/fbAQLP

exports[`Tests different variations of <FreeComponent> Renders FreeComponent 1`] = `
<View
  style={
    Object {
      "backgroundColor": "#FFFFFF",
      "height": 75,
      "justifyContent": "center",
      "padding": 10,
      "width": "100%",
    }
  }
>
  <View
    style={
      Object {
        "alignContent": "stretch",
        "flexDirection": "row",
        "flexWrap": "nowrap",
        "justifyContent": "space-between",
      }
    }
  >
    <Text
      style={
        Array [
          Object {
            "color": "#444444",
            "fontSize": 25,
            "fontWeight": "bold",
          },
          Object {
            "color": "red",
          },
        ]
      }
    >
      Free
    </Text>
    <Text
      style={
        Object {
          "color": "#808080",
        }
      }
    >
      7:30
       - 
      8:30 AM
    </Text>
  </View>
  <View
    style={
      Array [
        Object {
          "alignContent": "stretch",
          "flexDirection": "row",
          "flexWrap": "nowrap",
          "justifyContent": "space-between",
        },
        Object {
          "marginTop": 5,
        },
      ]
    }
  />
</View>
`;
